// Jest Snapshot v1, https://goo.gl/fbAQLP

exports[`TODO should create a todo 1`] = `
Object {
  "message": "implement me!",
}
`;

exports[`TODO should fetch a todo 1`] = `
Object {
  "message": "implement me!",
}
`;

exports[`TODO should fetch all todos 1`] = `
Object {
  "message": "implement me!",
}
`;

exports[`TODO should update a todo 1`] = `
Object {
  "message": "implement me!",
}
`;
